Failed to parse time: '3pm and 6pm'